[2026-05-04T16:52:26.796+0000] {local_task_job_runner.py:120} INFO - ::group::Pre task execution logs
[2026-05-04T16:52:26.833+0000] {taskinstance.py:2076} INFO - Dependencies all met for dep_context=non-requeueable deps ti=<TaskInstance: flights_ops_medallion_pipe.snowflake_load scheduled__2026-05-04T13:30:00+00:00 [queued]>
[2026-05-04T16:52:26.843+0000] {taskinstance.py:2076} INFO - Dependencies all met for dep_context=requeueable deps ti=<TaskInstance: flights_ops_medallion_pipe.snowflake_load scheduled__2026-05-04T13:30:00+00:00 [queued]>
[2026-05-04T16:52:26.843+0000] {taskinstance.py:2306} INFO - Starting attempt 1 of 1
[2026-05-04T16:52:26.856+0000] {taskinstance.py:2330} INFO - Executing <Task(PythonOperator): snowflake_load> on 2026-05-04 13:30:00+00:00
[2026-05-04T16:52:26.868+0000] {standard_task_runner.py:90} INFO - Running: ['airflow', 'tasks', 'run', 'flights_ops_medallion_pipe', 'snowflake_load', 'scheduled__2026-05-04T13:30:00+00:00', '--job-id', '609', '--raw', '--subdir', 'DAGS_FOLDER/flight-pipeline.py', '--cfg-path', '/tmp/tmpphvg76xp']
[2026-05-04T16:52:26.871+0000] {standard_task_runner.py:91} INFO - Job 609: Subtask snowflake_load
[2026-05-04T16:52:26.872+0000] {logging_mixin.py:188} WARNING - /home/airflow/.local/lib/python3.12/site-packages/airflow/task/task_runner/standard_task_runner.py:62 DeprecationWarning: This process (pid=18629) is multi-threaded, use of fork() may lead to deadlocks in the child.
[2026-05-04T16:52:26.873+0000] {standard_task_runner.py:64} INFO - Started process 18639 to run task
[2026-05-04T16:52:26.936+0000] {task_command.py:426} INFO - Running <TaskInstance: flights_ops_medallion_pipe.snowflake_load scheduled__2026-05-04T13:30:00+00:00 [running]> on host b5a862a7c6f4
[2026-05-04T16:52:27.050+0000] {taskinstance.py:2648} INFO - Exporting env vars: AIRFLOW_CTX_DAG_OWNER='airflow' AIRFLOW_CTX_DAG_ID='flights_ops_medallion_pipe' AIRFLOW_CTX_TASK_ID='snowflake_load' AIRFLOW_CTX_EXECUTION_DATE='2026-05-04T13:30:00+00:00' AIRFLOW_CTX_TRY_NUMBER='1' AIRFLOW_CTX_DAG_RUN_ID='scheduled__2026-05-04T13:30:00+00:00'
[2026-05-04T16:52:27.052+0000] {taskinstance.py:430} INFO - ::endgroup::
[2026-05-04T16:52:27.107+0000] {base.py:84} INFO - Using connection ID 'flight_snowflake' for task execution.
[2026-05-04T16:52:27.108+0000] {connection.py:408} INFO - Snowflake Connector for Python Version: 3.11.0, Python Version: 3.12.4, Platform: Linux-6.12.76-linuxkit-x86_64-with-glibc2.36
[2026-05-04T16:52:27.109+0000] {connection.py:1258} INFO - This connection is in OCSP Fail Open Mode. TLS Certificates would be checked for validity and revocation status. Any other Certificate Revocation related exceptions or OCSP Responder failures would be disregarded in favor of connectivity.
[2026-05-04T18:57:45.720+0000] {connectionpool.py:824} WARNING - Retrying (Retry(total=0, connect=None, read=None, redirect=None, status=None)) after connection broken by 'NewConnectionError('<snowflake.connector.vendored.urllib3.connection.HTTPSConnection object at 0x7f7f9893fda0>: Failed to establish a new connection: [Errno -2] Name or service not known')': /queries/v1/query-request?requestId=e40f1579-c245-47a6-9e0e-107f3c417ee6&clientStartTime=1777913865860&retryCount=1&retryReason=None&request_guid=0675fd1a-4cf1-432a-b28b-eb9a581a11ee
[2026-05-04T18:57:47.887+0000] {connectionpool.py:824} WARNING - Retrying (Retry(total=0, connect=None, read=None, redirect=None, status=None)) after connection broken by 'NewConnectionError('<snowflake.connector.vendored.urllib3.connection.HTTPSConnection object at 0x7f7f9893d130>: Failed to establish a new connection: [Errno -2] Name or service not known')': /queries/v1/query-request?requestId=e40f1579-c245-47a6-9e0e-107f3c417ee6&clientStartTime=1777913865860&retryCount=2&retryReason=None&request_guid=cf72ae25-9028-4d73-9bfd-1623980306b3
[2026-05-04T18:57:48.128+0000] {connectionpool.py:824} WARNING - Retrying (Retry(total=0, connect=None, read=None, redirect=None, status=None)) after connection broken by 'NewConnectionError('<snowflake.connector.vendored.urllib3.connection.HTTPSConnection object at 0x7f7f9893c620>: Failed to establish a new connection: [Errno -2] Name or service not known')': /queries/v1/query-request?requestId=e40f1579-c245-47a6-9e0e-107f3c417ee6&clientStartTime=1777913865860&retryCount=3&retryReason=None&request_guid=716b8b73-f76a-4173-b6b6-cc8f8735c33e
[2026-05-04T18:57:56.324+0000] {connectionpool.py:824} WARNING - Retrying (Retry(total=0, connect=None, read=None, redirect=None, status=None)) after connection broken by 'NewConnectionError('<snowflake.connector.vendored.urllib3.connection.HTTPSConnection object at 0x7f7f9893fe60>: Failed to establish a new connection: [Errno -2] Name or service not known')': /queries/v1/query-request?requestId=e40f1579-c245-47a6-9e0e-107f3c417ee6&clientStartTime=1777913865860&retryCount=4&retryReason=None&request_guid=67a70c00-8e6a-4ac5-b4c3-19533db4a3ab
[2026-05-04T18:58:10.185+0000] {connectionpool.py:824} WARNING - Retrying (Retry(total=0, connect=None, read=None, redirect=None, status=None)) after connection broken by 'NewConnectionError('<snowflake.connector.vendored.urllib3.connection.HTTPSConnection object at 0x7f7f9893d2e0>: Failed to establish a new connection: [Errno -2] Name or service not known')': /queries/v1/query-request?requestId=e40f1579-c245-47a6-9e0e-107f3c417ee6&clientStartTime=1777913865860&retryCount=5&retryReason=None&request_guid=c94cfeb8-aa7b-44a4-a141-09c95519d27f
[2026-05-04T18:58:15.918+0000] {connectionpool.py:824} WARNING - Retrying (Retry(total=0, connect=None, read=None, redirect=None, status=None)) after connection broken by 'NewConnectionError('<snowflake.connector.vendored.urllib3.connection.HTTPSConnection object at 0x7f7f9893cc20>: Failed to establish a new connection: [Errno -2] Name or service not known')': /queries/v1/query-request?requestId=e40f1579-c245-47a6-9e0e-107f3c417ee6&clientStartTime=1777913865860&retryCount=6&retryReason=None&request_guid=806c7478-b484-4f44-be19-1f02b21cde3b
[2026-05-04T18:59:35.969+0000] {connectionpool.py:824} WARNING - Retrying (Retry(total=0, connect=None, read=None, redirect=None, status=None)) after connection broken by 'NewConnectionError('<snowflake.connector.vendored.urllib3.connection.HTTPSConnection object at 0x7f7f9893d790>: Failed to establish a new connection: [Errno -2] Name or service not known')': /queries/v1/query-request?requestId=e40f1579-c245-47a6-9e0e-107f3c417ee6&clientStartTime=1777913865860&retryCount=7&retryReason=None&request_guid=f1b16e4e-1699-48d3-8077-919a0f755ad6
[2026-05-04T18:59:39.098+0000] {connectionpool.py:824} WARNING - Retrying (Retry(total=0, connect=None, read=None, redirect=None, status=None)) after connection broken by 'NewConnectionError('<snowflake.connector.vendored.urllib3.connection.HTTPSConnection object at 0x7f7f989686b0>: Failed to establish a new connection: [Errno -2] Name or service not known')': /queries/v1/query-request?requestId=e40f1579-c245-47a6-9e0e-107f3c417ee6&clientStartTime=1777913865860&retryCount=8&retryReason=None&request_guid=793dbba2-29a5-47c9-9bde-e015af692e4c
[2026-05-04T19:51:39.434+0000] {connection.py:773} INFO - closed
[2026-05-04T19:51:39.450+0000] {connection.py:779} INFO - No async queries seem to be running, deleting session
[2026-05-04T19:51:39.569+0000] {python.py:237} INFO - Done. Returned value was: None
[2026-05-04T19:51:39.579+0000] {taskinstance.py:441} INFO - ::group::Post task execution logs
[2026-05-04T19:51:39.903+0000] {taskinstance.py:1206} INFO - Marking task as SUCCESS. dag_id=flights_ops_medallion_pipe, task_id=snowflake_load, run_id=scheduled__2026-05-04T13:30:00+00:00, execution_date=20260504T133000, start_date=20260504T165226, end_date=20260504T195139
[2026-05-04T19:51:40.142+0000] {local_task_job_runner.py:243} INFO - Task exited with return code 0
[2026-05-04T19:51:40.297+0000] {taskinstance.py:3503} INFO - 0 downstream tasks scheduled from follow-on schedule check
[2026-05-04T19:51:40.303+0000] {local_task_job_runner.py:222} INFO - ::endgroup::
