[2026-05-03T04:11:08.606+0000] {local_task_job_runner.py:120} INFO - ::group::Pre task execution logs
[2026-05-03T04:11:08.671+0000] {taskinstance.py:2076} INFO - Dependencies all met for dep_context=non-requeueable deps ti=<TaskInstance: flights_ops_medallion_pipe.snowflake_load scheduled__2026-05-03T02:30:00+00:00 [queued]>
[2026-05-03T04:11:08.687+0000] {taskinstance.py:2076} INFO - Dependencies all met for dep_context=requeueable deps ti=<TaskInstance: flights_ops_medallion_pipe.snowflake_load scheduled__2026-05-03T02:30:00+00:00 [queued]>
[2026-05-03T04:11:08.688+0000] {taskinstance.py:2306} INFO - Starting attempt 1 of 1
[2026-05-03T04:11:08.720+0000] {taskinstance.py:2330} INFO - Executing <Task(PythonOperator): snowflake_load> on 2026-05-03 02:30:00+00:00
[2026-05-03T04:11:08.776+0000] {standard_task_runner.py:90} INFO - Running: ['airflow', 'tasks', 'run', 'flights_ops_medallion_pipe', 'snowflake_load', 'scheduled__2026-05-03T02:30:00+00:00', '--job-id', '390', '--raw', '--subdir', 'DAGS_FOLDER/flight-pipeline.py', '--cfg-path', '/tmp/tmptwzp6oxo']
[2026-05-03T04:11:08.789+0000] {standard_task_runner.py:91} INFO - Job 390: Subtask snowflake_load
[2026-05-03T04:11:08.785+0000] {logging_mixin.py:188} WARNING - /home/airflow/.local/lib/python3.12/site-packages/airflow/task/task_runner/standard_task_runner.py:62 DeprecationWarning: This process (pid=13373) is multi-threaded, use of fork() may lead to deadlocks in the child.
[2026-05-03T04:11:08.791+0000] {standard_task_runner.py:64} INFO - Started process 13383 to run task
[2026-05-03T04:11:08.954+0000] {task_command.py:426} INFO - Running <TaskInstance: flights_ops_medallion_pipe.snowflake_load scheduled__2026-05-03T02:30:00+00:00 [running]> on host b5a862a7c6f4
[2026-05-03T04:11:09.177+0000] {taskinstance.py:2648} INFO - Exporting env vars: AIRFLOW_CTX_DAG_OWNER='airflow' AIRFLOW_CTX_DAG_ID='flights_ops_medallion_pipe' AIRFLOW_CTX_TASK_ID='snowflake_load' AIRFLOW_CTX_EXECUTION_DATE='2026-05-03T02:30:00+00:00' AIRFLOW_CTX_TRY_NUMBER='1' AIRFLOW_CTX_DAG_RUN_ID='scheduled__2026-05-03T02:30:00+00:00'
[2026-05-03T04:11:09.179+0000] {taskinstance.py:430} INFO - ::endgroup::
[2026-05-03T04:11:09.289+0000] {base.py:84} INFO - Using connection ID 'flight_snowflake' for task execution.
[2026-05-03T04:11:09.292+0000] {connection.py:408} INFO - Snowflake Connector for Python Version: 3.11.0, Python Version: 3.12.4, Platform: Linux-6.12.76-linuxkit-x86_64-with-glibc2.36
[2026-05-03T04:11:09.294+0000] {connection.py:1258} INFO - This connection is in OCSP Fail Open Mode. TLS Certificates would be checked for validity and revocation status. Any other Certificate Revocation related exceptions or OCSP Responder failures would be disregarded in favor of connectivity.
[2026-05-03T04:11:50.433+0000] {taskinstance.py:441} INFO - ::group::Post task execution logs
[2026-05-03T04:11:50.437+0000] {taskinstance.py:2905} ERROR - Task failed with exception
Traceback (most recent call last):
  File "/home/airflow/.local/lib/python3.12/site-packages/airflow/models/taskinstance.py", line 465, in _execute_task
    result = _execute_callable(context=context, **execute_callable_kwargs)
             ^^^^^^^^^^^^^^^^^^^^^^^^^^^^^^^^^^^^^^^^^^^^^^^^^^^^^^^^^^^^^
  File "/home/airflow/.local/lib/python3.12/site-packages/airflow/models/taskinstance.py", line 432, in _execute_callable
    return execute_callable(context=context, **execute_callable_kwargs)
           ^^^^^^^^^^^^^^^^^^^^^^^^^^^^^^^^^^^^^^^^^^^^^^^^^^^^^^^^^^^^
  File "/home/airflow/.local/lib/python3.12/site-packages/airflow/models/baseoperator.py", line 401, in wrapper
    return func(self, *args, **kwargs)
           ^^^^^^^^^^^^^^^^^^^^^^^^^^^
  File "/home/airflow/.local/lib/python3.12/site-packages/airflow/operators/python.py", line 235, in execute
    return_value = self.execute_callable()
                   ^^^^^^^^^^^^^^^^^^^^^^^
  File "/home/airflow/.local/lib/python3.12/site-packages/airflow/operators/python.py", line 252, in execute_callable
    return self.python_callable(*self.op_args, **self.op_kwargs)
           ^^^^^^^^^^^^^^^^^^^^^^^^^^^^^^^^^^^^^^^^^^^^^^^^^^^^^
  File "/opt/airflow/scripts/snowflake_implement.py", line 63, in snowflake_load
    cursor.execute(
  File "/home/airflow/.local/lib/python3.12/site-packages/snowflake/connector/cursor.py", line 1080, in execute
    Error.errorhandler_wrapper(self.connection, self, error_class, errvalue)
  File "/home/airflow/.local/lib/python3.12/site-packages/snowflake/connector/errors.py", line 290, in errorhandler_wrapper
    handed_over = Error.hand_to_other_handler(
                  ^^^^^^^^^^^^^^^^^^^^^^^^^^^^
  File "/home/airflow/.local/lib/python3.12/site-packages/snowflake/connector/errors.py", line 345, in hand_to_other_handler
    cursor.errorhandler(connection, cursor, error_class, error_value)
  File "/home/airflow/.local/lib/python3.12/site-packages/snowflake/connector/errors.py", line 221, in default_errorhandler
    raise error_class(
snowflake.connector.errors.ProgrammingError: 000904 (42000): 01c41cfb-0005-58bb-000d-723e001d5582: SQL compilation error: error line 7 at position 16
invalid identifier 'NAN'
[2026-05-03T04:11:50.462+0000] {taskinstance.py:1206} INFO - Marking task as FAILED. dag_id=flights_ops_medallion_pipe, task_id=snowflake_load, run_id=scheduled__2026-05-03T02:30:00+00:00, execution_date=20260503T023000, start_date=20260503T041108, end_date=20260503T041150
[2026-05-03T04:11:50.496+0000] {standard_task_runner.py:110} ERROR - Failed to execute job 390 for task snowflake_load (000904 (42000): 01c41cfb-0005-58bb-000d-723e001d5582: SQL compilation error: error line 7 at position 16
invalid identifier 'NAN'; 13383)
[2026-05-03T04:11:50.544+0000] {local_task_job_runner.py:243} INFO - Task exited with return code 1
[2026-05-03T04:11:50.573+0000] {taskinstance.py:3503} INFO - 0 downstream tasks scheduled from follow-on schedule check
[2026-05-03T04:11:50.575+0000] {local_task_job_runner.py:222} INFO - ::endgroup::
