[2026-04-28T20:32:19.497+0000] {local_task_job_runner.py:120} INFO - ::group::Pre task execution logs
[2026-04-28T20:32:19.533+0000] {taskinstance.py:2076} INFO - Dependencies all met for dep_context=non-requeueable deps ti=<TaskInstance: flights_ops_medallion_pipe.snowflake_load scheduled__2026-04-28T19:00:00+00:00 [queued]>
[2026-04-28T20:32:19.542+0000] {taskinstance.py:2076} INFO - Dependencies all met for dep_context=requeueable deps ti=<TaskInstance: flights_ops_medallion_pipe.snowflake_load scheduled__2026-04-28T19:00:00+00:00 [queued]>
[2026-04-28T20:32:19.542+0000] {taskinstance.py:2306} INFO - Starting attempt 1 of 1
[2026-04-28T20:32:19.555+0000] {taskinstance.py:2330} INFO - Executing <Task(PythonOperator): snowflake_load> on 2026-04-28 19:00:00+00:00
[2026-04-28T20:32:19.567+0000] {standard_task_runner.py:90} INFO - Running: ['airflow', 'tasks', 'run', 'flights_ops_medallion_pipe', 'snowflake_load', 'scheduled__2026-04-28T19:00:00+00:00', '--job-id', '73', '--raw', '--subdir', 'DAGS_FOLDER/flight-pipeline.py', '--cfg-path', '/tmp/tmpnwp51klp']
[2026-04-28T20:32:19.570+0000] {standard_task_runner.py:91} INFO - Job 73: Subtask snowflake_load
[2026-04-28T20:32:19.573+0000] {logging_mixin.py:188} WARNING - /home/airflow/.local/lib/python3.12/site-packages/airflow/task/task_runner/standard_task_runner.py:62 DeprecationWarning: This process (pid=4465) is multi-threaded, use of fork() may lead to deadlocks in the child.
[2026-04-28T20:32:19.574+0000] {standard_task_runner.py:64} INFO - Started process 4475 to run task
[2026-04-28T20:32:19.657+0000] {task_command.py:426} INFO - Running <TaskInstance: flights_ops_medallion_pipe.snowflake_load scheduled__2026-04-28T19:00:00+00:00 [running]> on host b5a862a7c6f4
[2026-04-28T20:32:19.771+0000] {taskinstance.py:2648} INFO - Exporting env vars: AIRFLOW_CTX_DAG_OWNER='airflow' AIRFLOW_CTX_DAG_ID='flights_ops_medallion_pipe' AIRFLOW_CTX_TASK_ID='snowflake_load' AIRFLOW_CTX_EXECUTION_DATE='2026-04-28T19:00:00+00:00' AIRFLOW_CTX_TRY_NUMBER='1' AIRFLOW_CTX_DAG_RUN_ID='scheduled__2026-04-28T19:00:00+00:00'
[2026-04-28T20:32:19.773+0000] {taskinstance.py:430} INFO - ::endgroup::
[2026-04-28T20:32:19.824+0000] {base.py:84} INFO - Using connection ID 'flight_snowflake' for task execution.
[2026-04-28T20:32:19.825+0000] {connection.py:408} INFO - Snowflake Connector for Python Version: 3.11.0, Python Version: 3.12.4, Platform: Linux-6.12.76-linuxkit-x86_64-with-glibc2.36
[2026-04-28T20:32:19.826+0000] {connection.py:1258} INFO - This connection is in OCSP Fail Open Mode. TLS Certificates would be checked for validity and revocation status. Any other Certificate Revocation related exceptions or OCSP Responder failures would be disregarded in favor of connectivity.
[2026-04-28T20:46:55.985+0000] {connectionpool.py:824} WARNING - Retrying (Retry(total=0, connect=None, read=None, redirect=None, status=None)) after connection broken by 'NewConnectionError('<snowflake.connector.vendored.urllib3.connection.HTTPSConnection object at 0x7fb098cdcb30>: Failed to establish a new connection: [Errno -2] Name or service not known')': /queries/v1/query-request?requestId=0ac47167-0793-4848-ab69-2b4e0693f2a8&clientStartTime=1777409173569&retryCount=1&retryReason=None&request_guid=95c67b30-d7f2-4b90-b2c2-eb18c2be0ebd
[2026-04-28T20:46:58.135+0000] {connectionpool.py:824} WARNING - Retrying (Retry(total=0, connect=None, read=None, redirect=None, status=None)) after connection broken by 'NewConnectionError('<snowflake.connector.vendored.urllib3.connection.HTTPSConnection object at 0x7fb098cde210>: Failed to establish a new connection: [Errno -2] Name or service not known')': /queries/v1/query-request?requestId=0ac47167-0793-4848-ab69-2b4e0693f2a8&clientStartTime=1777409173569&retryCount=2&retryReason=None&request_guid=6484679e-b574-4e1b-a843-ee200ba1e1a3
[2026-04-28T20:46:58.159+0000] {connectionpool.py:824} WARNING - Retrying (Retry(total=0, connect=None, read=None, redirect=None, status=None)) after connection broken by 'NewConnectionError('<snowflake.connector.vendored.urllib3.connection.HTTPSConnection object at 0x7fb098cdeed0>: Failed to establish a new connection: [Errno -2] Name or service not known')': /queries/v1/query-request?requestId=0ac47167-0793-4848-ab69-2b4e0693f2a8&clientStartTime=1777409173569&retryCount=3&retryReason=None&request_guid=6de020aa-c2dc-493c-934b-41dbd6771056
[2026-04-28T20:46:59.196+0000] {connectionpool.py:824} WARNING - Retrying (Retry(total=0, connect=None, read=None, redirect=None, status=None)) after connection broken by 'NewConnectionError('<snowflake.connector.vendored.urllib3.connection.HTTPSConnection object at 0x7fb098cdeb40>: Failed to establish a new connection: [Errno -2] Name or service not known')': /queries/v1/query-request?requestId=0ac47167-0793-4848-ab69-2b4e0693f2a8&clientStartTime=1777409173569&retryCount=4&retryReason=None&request_guid=d23a4de9-aca8-4922-8bff-43c4f0ce80b6
[2026-04-28T20:48:19.801+0000] {connection.py:773} INFO - closed
[2026-04-28T20:48:19.986+0000] {connection.py:779} INFO - No async queries seem to be running, deleting session
[2026-04-28T20:48:20.068+0000] {python.py:237} INFO - Done. Returned value was: None
[2026-04-28T20:48:20.071+0000] {taskinstance.py:441} INFO - ::group::Post task execution logs
[2026-04-28T20:48:20.189+0000] {taskinstance.py:1206} INFO - Marking task as SUCCESS. dag_id=flights_ops_medallion_pipe, task_id=snowflake_load, run_id=scheduled__2026-04-28T19:00:00+00:00, execution_date=20260428T190000, start_date=20260428T203219, end_date=20260428T204820
[2026-04-28T20:48:20.315+0000] {local_task_job_runner.py:243} INFO - Task exited with return code 0
[2026-04-28T20:48:20.390+0000] {taskinstance.py:3503} INFO - 0 downstream tasks scheduled from follow-on schedule check
[2026-04-28T20:48:20.392+0000] {local_task_job_runner.py:222} INFO - ::endgroup::
