[2026-05-01T00:59:44.584+0000] {processor.py:161} INFO - Started process (PID=8257) to work on /opt/airflow/dags/flight-pipeline.py
[2026-05-01T00:59:44.589+0000] {processor.py:830} INFO - Processing file /opt/airflow/dags/flight-pipeline.py for tasks to queue
[2026-05-01T00:59:44.598+0000] {logging_mixin.py:188} INFO - [2026-05-01T00:59:44.591+0000] {dagbag.py:545} INFO - Filling up the DagBag from /opt/airflow/dags/flight-pipeline.py
[2026-05-01T00:59:45.842+0000] {processor.py:840} INFO - DAG(s) 'flights_ops_medallion_pipe' retrieved from /opt/airflow/dags/flight-pipeline.py
[2026-05-01T00:59:45.904+0000] {logging_mixin.py:188} INFO - [2026-05-01T00:59:45.903+0000] {dag.py:3089} INFO - Sync 1 DAGs
[2026-05-01T00:59:45.950+0000] {logging_mixin.py:188} INFO - [2026-05-01T00:59:45.949+0000] {dag.py:3947} INFO - Setting next_dagrun for flights_ops_medallion_pipe to 2026-05-01 00:00:00+00:00, run_after=2026-05-01 00:30:00+00:00
[2026-05-01T00:59:45.982+0000] {processor.py:183} INFO - Processing /opt/airflow/dags/flight-pipeline.py took 1.417 seconds
[2026-05-01T02:00:45.536+0000] {processor.py:161} INFO - Started process (PID=8262) to work on /opt/airflow/dags/flight-pipeline.py
[2026-05-01T02:00:45.538+0000] {processor.py:830} INFO - Processing file /opt/airflow/dags/flight-pipeline.py for tasks to queue
[2026-05-01T02:00:45.540+0000] {logging_mixin.py:188} INFO - [2026-05-01T02:00:45.539+0000] {dagbag.py:545} INFO - Filling up the DagBag from /opt/airflow/dags/flight-pipeline.py
[2026-05-01T02:00:47.300+0000] {processor.py:840} INFO - DAG(s) 'flights_ops_medallion_pipe' retrieved from /opt/airflow/dags/flight-pipeline.py
[2026-05-01T02:00:47.344+0000] {logging_mixin.py:188} INFO - [2026-05-01T02:00:47.343+0000] {dag.py:3089} INFO - Sync 1 DAGs
[2026-05-01T02:00:47.407+0000] {logging_mixin.py:188} INFO - [2026-05-01T02:00:47.407+0000] {dag.py:3947} INFO - Setting next_dagrun for flights_ops_medallion_pipe to 2026-05-01 01:30:00+00:00, run_after=2026-05-01 02:00:00+00:00
[2026-05-01T02:00:47.456+0000] {processor.py:183} INFO - Processing /opt/airflow/dags/flight-pipeline.py took 1.933 seconds
[2026-05-01T03:01:47.412+0000] {processor.py:161} INFO - Started process (PID=8265) to work on /opt/airflow/dags/flight-pipeline.py
[2026-05-01T03:01:47.417+0000] {processor.py:830} INFO - Processing file /opt/airflow/dags/flight-pipeline.py for tasks to queue
[2026-05-01T03:01:47.424+0000] {logging_mixin.py:188} INFO - [2026-05-01T03:01:47.422+0000] {dagbag.py:545} INFO - Filling up the DagBag from /opt/airflow/dags/flight-pipeline.py
[2026-05-01T03:01:48.533+0000] {processor.py:840} INFO - DAG(s) 'flights_ops_medallion_pipe' retrieved from /opt/airflow/dags/flight-pipeline.py
[2026-05-01T03:01:48.574+0000] {logging_mixin.py:188} INFO - [2026-05-01T03:01:48.574+0000] {dag.py:3089} INFO - Sync 1 DAGs
[2026-05-01T03:01:48.599+0000] {logging_mixin.py:188} INFO - [2026-05-01T03:01:48.598+0000] {dag.py:3947} INFO - Setting next_dagrun for flights_ops_medallion_pipe to 2026-05-01 02:30:00+00:00, run_after=2026-05-01 03:00:00+00:00
[2026-05-01T03:01:48.621+0000] {processor.py:183} INFO - Processing /opt/airflow/dags/flight-pipeline.py took 1.224 seconds
[2026-05-01T04:02:47.517+0000] {processor.py:161} INFO - Started process (PID=8268) to work on /opt/airflow/dags/flight-pipeline.py
[2026-05-01T04:02:47.519+0000] {processor.py:830} INFO - Processing file /opt/airflow/dags/flight-pipeline.py for tasks to queue
[2026-05-01T04:02:47.522+0000] {logging_mixin.py:188} INFO - [2026-05-01T04:02:47.521+0000] {dagbag.py:545} INFO - Filling up the DagBag from /opt/airflow/dags/flight-pipeline.py
[2026-05-01T04:02:48.485+0000] {processor.py:840} INFO - DAG(s) 'flights_ops_medallion_pipe' retrieved from /opt/airflow/dags/flight-pipeline.py
[2026-05-01T04:02:48.524+0000] {logging_mixin.py:188} INFO - [2026-05-01T04:02:48.523+0000] {dag.py:3089} INFO - Sync 1 DAGs
[2026-05-01T04:02:48.547+0000] {logging_mixin.py:188} INFO - [2026-05-01T04:02:48.547+0000] {dag.py:3947} INFO - Setting next_dagrun for flights_ops_medallion_pipe to 2026-05-01 03:30:00+00:00, run_after=2026-05-01 04:00:00+00:00
[2026-05-01T04:02:48.574+0000] {processor.py:183} INFO - Processing /opt/airflow/dags/flight-pipeline.py took 1.072 seconds
[2026-05-01T05:03:48.455+0000] {processor.py:161} INFO - Started process (PID=8272) to work on /opt/airflow/dags/flight-pipeline.py
[2026-05-01T05:03:48.482+0000] {processor.py:830} INFO - Processing file /opt/airflow/dags/flight-pipeline.py for tasks to queue
[2026-05-01T05:03:48.485+0000] {logging_mixin.py:188} INFO - [2026-05-01T05:03:48.485+0000] {dagbag.py:545} INFO - Filling up the DagBag from /opt/airflow/dags/flight-pipeline.py
[2026-05-01T05:03:49.548+0000] {processor.py:840} INFO - DAG(s) 'flights_ops_medallion_pipe' retrieved from /opt/airflow/dags/flight-pipeline.py
[2026-05-01T05:03:49.601+0000] {logging_mixin.py:188} INFO - [2026-05-01T05:03:49.600+0000] {dag.py:3089} INFO - Sync 1 DAGs
[2026-05-01T05:03:49.644+0000] {logging_mixin.py:188} INFO - [2026-05-01T05:03:49.644+0000] {dag.py:3947} INFO - Setting next_dagrun for flights_ops_medallion_pipe to 2026-05-01 04:30:00+00:00, run_after=2026-05-01 05:00:00+00:00
[2026-05-01T05:03:49.670+0000] {processor.py:183} INFO - Processing /opt/airflow/dags/flight-pipeline.py took 1.233 seconds
[2026-05-01T05:08:09.730+0000] {processor.py:161} INFO - Started process (PID=8275) to work on /opt/airflow/dags/flight-pipeline.py
[2026-05-01T05:08:09.737+0000] {processor.py:830} INFO - Processing file /opt/airflow/dags/flight-pipeline.py for tasks to queue
[2026-05-01T05:08:09.741+0000] {logging_mixin.py:188} INFO - [2026-05-01T05:08:09.739+0000] {dagbag.py:545} INFO - Filling up the DagBag from /opt/airflow/dags/flight-pipeline.py
[2026-05-01T05:08:11.420+0000] {processor.py:840} INFO - DAG(s) 'flights_ops_medallion_pipe' retrieved from /opt/airflow/dags/flight-pipeline.py
[2026-05-01T05:08:11.467+0000] {logging_mixin.py:188} INFO - [2026-05-01T05:08:11.466+0000] {dag.py:3089} INFO - Sync 1 DAGs
[2026-05-01T05:08:11.493+0000] {logging_mixin.py:188} INFO - [2026-05-01T05:08:11.493+0000] {dag.py:3947} INFO - Setting next_dagrun for flights_ops_medallion_pipe to 2026-05-01 04:30:00+00:00, run_after=2026-05-01 05:00:00+00:00
[2026-05-01T05:08:11.515+0000] {processor.py:183} INFO - Processing /opt/airflow/dags/flight-pipeline.py took 1.805 seconds
[2026-05-01T05:39:05.376+0000] {processor.py:161} INFO - Started process (PID=8279) to work on /opt/airflow/dags/flight-pipeline.py
[2026-05-01T05:39:05.378+0000] {processor.py:830} INFO - Processing file /opt/airflow/dags/flight-pipeline.py for tasks to queue
[2026-05-01T05:39:05.395+0000] {logging_mixin.py:188} INFO - [2026-05-01T05:39:05.394+0000] {dagbag.py:545} INFO - Filling up the DagBag from /opt/airflow/dags/flight-pipeline.py
[2026-05-01T05:39:06.440+0000] {processor.py:840} INFO - DAG(s) 'flights_ops_medallion_pipe' retrieved from /opt/airflow/dags/flight-pipeline.py
[2026-05-01T05:39:06.479+0000] {logging_mixin.py:188} INFO - [2026-05-01T05:39:06.479+0000] {dag.py:3089} INFO - Sync 1 DAGs
[2026-05-01T05:39:06.506+0000] {logging_mixin.py:188} INFO - [2026-05-01T05:39:06.505+0000] {dag.py:3947} INFO - Setting next_dagrun for flights_ops_medallion_pipe to 2026-05-01 05:00:00+00:00, run_after=2026-05-01 05:30:00+00:00
[2026-05-01T05:39:06.528+0000] {processor.py:183} INFO - Processing /opt/airflow/dags/flight-pipeline.py took 1.165 seconds
[2026-05-01T06:04:49.309+0000] {processor.py:161} INFO - Started process (PID=8282) to work on /opt/airflow/dags/flight-pipeline.py
[2026-05-01T06:04:49.317+0000] {processor.py:830} INFO - Processing file /opt/airflow/dags/flight-pipeline.py for tasks to queue
[2026-05-01T06:04:49.323+0000] {logging_mixin.py:188} INFO - [2026-05-01T06:04:49.322+0000] {dagbag.py:545} INFO - Filling up the DagBag from /opt/airflow/dags/flight-pipeline.py
[2026-05-01T06:04:50.663+0000] {processor.py:840} INFO - DAG(s) 'flights_ops_medallion_pipe' retrieved from /opt/airflow/dags/flight-pipeline.py
[2026-05-01T06:04:50.708+0000] {logging_mixin.py:188} INFO - [2026-05-01T06:04:50.707+0000] {dag.py:3089} INFO - Sync 1 DAGs
[2026-05-01T06:04:50.739+0000] {logging_mixin.py:188} INFO - [2026-05-01T06:04:50.738+0000] {dag.py:3947} INFO - Setting next_dagrun for flights_ops_medallion_pipe to 2026-05-01 05:30:00+00:00, run_after=2026-05-01 06:00:00+00:00
[2026-05-01T06:04:50.769+0000] {processor.py:183} INFO - Processing /opt/airflow/dags/flight-pipeline.py took 1.504 seconds
[2026-05-01T06:30:47.210+0000] {processor.py:161} INFO - Started process (PID=8298) to work on /opt/airflow/dags/flight-pipeline.py
[2026-05-01T06:30:47.213+0000] {processor.py:830} INFO - Processing file /opt/airflow/dags/flight-pipeline.py for tasks to queue
[2026-05-01T06:30:47.223+0000] {logging_mixin.py:188} INFO - [2026-05-01T06:30:47.220+0000] {dagbag.py:545} INFO - Filling up the DagBag from /opt/airflow/dags/flight-pipeline.py
[2026-05-01T06:30:48.290+0000] {processor.py:840} INFO - DAG(s) 'flights_ops_medallion_pipe' retrieved from /opt/airflow/dags/flight-pipeline.py
[2026-05-01T06:30:48.326+0000] {logging_mixin.py:188} INFO - [2026-05-01T06:30:48.326+0000] {dag.py:3089} INFO - Sync 1 DAGs
[2026-05-01T06:30:48.354+0000] {logging_mixin.py:188} INFO - [2026-05-01T06:30:48.354+0000] {dag.py:3947} INFO - Setting next_dagrun for flights_ops_medallion_pipe to 2026-05-01 06:00:00+00:00, run_after=2026-05-01 06:30:00+00:00
[2026-05-01T06:30:48.376+0000] {processor.py:183} INFO - Processing /opt/airflow/dags/flight-pipeline.py took 1.196 seconds
[2026-05-01T06:56:45.949+0000] {processor.py:161} INFO - Started process (PID=8313) to work on /opt/airflow/dags/flight-pipeline.py
[2026-05-01T06:56:45.952+0000] {processor.py:830} INFO - Processing file /opt/airflow/dags/flight-pipeline.py for tasks to queue
[2026-05-01T06:56:45.958+0000] {logging_mixin.py:188} INFO - [2026-05-01T06:56:45.955+0000] {dagbag.py:545} INFO - Filling up the DagBag from /opt/airflow/dags/flight-pipeline.py
[2026-05-01T06:56:47.713+0000] {processor.py:840} INFO - DAG(s) 'flights_ops_medallion_pipe' retrieved from /opt/airflow/dags/flight-pipeline.py
[2026-05-01T06:56:47.790+0000] {logging_mixin.py:188} INFO - [2026-05-01T06:56:47.790+0000] {dag.py:3089} INFO - Sync 1 DAGs
[2026-05-01T06:56:47.846+0000] {logging_mixin.py:188} INFO - [2026-05-01T06:56:47.845+0000] {dag.py:3947} INFO - Setting next_dagrun for flights_ops_medallion_pipe to 2026-05-01 06:00:00+00:00, run_after=2026-05-01 06:30:00+00:00
[2026-05-01T06:56:47.875+0000] {processor.py:183} INFO - Processing /opt/airflow/dags/flight-pipeline.py took 1.994 seconds
[2026-05-01T06:57:18.199+0000] {processor.py:161} INFO - Started process (PID=8326) to work on /opt/airflow/dags/flight-pipeline.py
[2026-05-01T06:57:18.203+0000] {processor.py:830} INFO - Processing file /opt/airflow/dags/flight-pipeline.py for tasks to queue
[2026-05-01T06:57:18.210+0000] {logging_mixin.py:188} INFO - [2026-05-01T06:57:18.208+0000] {dagbag.py:545} INFO - Filling up the DagBag from /opt/airflow/dags/flight-pipeline.py
[2026-05-01T06:57:19.563+0000] {processor.py:840} INFO - DAG(s) 'flights_ops_medallion_pipe' retrieved from /opt/airflow/dags/flight-pipeline.py
[2026-05-01T06:57:19.657+0000] {logging_mixin.py:188} INFO - [2026-05-01T06:57:19.656+0000] {dag.py:3089} INFO - Sync 1 DAGs
[2026-05-01T06:57:19.717+0000] {logging_mixin.py:188} INFO - [2026-05-01T06:57:19.717+0000] {dag.py:3947} INFO - Setting next_dagrun for flights_ops_medallion_pipe to 2026-05-01 06:00:00+00:00, run_after=2026-05-01 06:30:00+00:00
[2026-05-01T06:57:19.753+0000] {processor.py:183} INFO - Processing /opt/airflow/dags/flight-pipeline.py took 1.598 seconds
[2026-05-01T10:00:14.583+0000] {processor.py:161} INFO - Started process (PID=8329) to work on /opt/airflow/dags/flight-pipeline.py
[2026-05-01T10:00:14.597+0000] {processor.py:830} INFO - Processing file /opt/airflow/dags/flight-pipeline.py for tasks to queue
[2026-05-01T10:00:14.606+0000] {logging_mixin.py:188} INFO - [2026-05-01T10:00:14.600+0000] {dagbag.py:545} INFO - Filling up the DagBag from /opt/airflow/dags/flight-pipeline.py
[2026-05-01T10:00:16.347+0000] {processor.py:840} INFO - DAG(s) 'flights_ops_medallion_pipe' retrieved from /opt/airflow/dags/flight-pipeline.py
[2026-05-01T10:00:16.420+0000] {logging_mixin.py:188} INFO - [2026-05-01T10:00:16.419+0000] {dag.py:3089} INFO - Sync 1 DAGs
[2026-05-01T10:00:16.524+0000] {logging_mixin.py:188} INFO - [2026-05-01T10:00:16.523+0000] {dag.py:3947} INFO - Setting next_dagrun for flights_ops_medallion_pipe to 2026-05-01 09:30:00+00:00, run_after=2026-05-01 10:00:00+00:00
[2026-05-01T10:00:16.595+0000] {processor.py:183} INFO - Processing /opt/airflow/dags/flight-pipeline.py took 2.067 seconds
[2026-05-01T12:01:16.761+0000] {processor.py:161} INFO - Started process (PID=8332) to work on /opt/airflow/dags/flight-pipeline.py
[2026-05-01T12:01:16.765+0000] {processor.py:830} INFO - Processing file /opt/airflow/dags/flight-pipeline.py for tasks to queue
[2026-05-01T12:01:16.777+0000] {logging_mixin.py:188} INFO - [2026-05-01T12:01:16.769+0000] {dagbag.py:545} INFO - Filling up the DagBag from /opt/airflow/dags/flight-pipeline.py
[2026-05-01T12:01:18.027+0000] {processor.py:840} INFO - DAG(s) 'flights_ops_medallion_pipe' retrieved from /opt/airflow/dags/flight-pipeline.py
[2026-05-01T12:01:18.102+0000] {logging_mixin.py:188} INFO - [2026-05-01T12:01:18.101+0000] {dag.py:3089} INFO - Sync 1 DAGs
[2026-05-01T12:01:18.150+0000] {logging_mixin.py:188} INFO - [2026-05-01T12:01:18.149+0000] {dag.py:3947} INFO - Setting next_dagrun for flights_ops_medallion_pipe to 2026-05-01 11:30:00+00:00, run_after=2026-05-01 12:00:00+00:00
[2026-05-01T12:01:18.178+0000] {processor.py:183} INFO - Processing /opt/airflow/dags/flight-pipeline.py took 1.441 seconds
[2026-05-01T13:02:16.849+0000] {processor.py:161} INFO - Started process (PID=8335) to work on /opt/airflow/dags/flight-pipeline.py
[2026-05-01T13:02:16.854+0000] {processor.py:830} INFO - Processing file /opt/airflow/dags/flight-pipeline.py for tasks to queue
[2026-05-01T13:02:16.857+0000] {logging_mixin.py:188} INFO - [2026-05-01T13:02:16.855+0000] {dagbag.py:545} INFO - Filling up the DagBag from /opt/airflow/dags/flight-pipeline.py
[2026-05-01T13:02:18.469+0000] {processor.py:840} INFO - DAG(s) 'flights_ops_medallion_pipe' retrieved from /opt/airflow/dags/flight-pipeline.py
[2026-05-01T13:02:18.561+0000] {logging_mixin.py:188} INFO - [2026-05-01T13:02:18.560+0000] {dag.py:3089} INFO - Sync 1 DAGs
[2026-05-01T13:02:18.618+0000] {logging_mixin.py:188} INFO - [2026-05-01T13:02:18.618+0000] {dag.py:3947} INFO - Setting next_dagrun for flights_ops_medallion_pipe to 2026-05-01 12:30:00+00:00, run_after=2026-05-01 13:00:00+00:00
[2026-05-01T13:02:18.651+0000] {processor.py:183} INFO - Processing /opt/airflow/dags/flight-pipeline.py took 1.834 seconds
[2026-05-01T13:52:12.838+0000] {processor.py:161} INFO - Started process (PID=8338) to work on /opt/airflow/dags/flight-pipeline.py
[2026-05-01T13:52:12.841+0000] {processor.py:830} INFO - Processing file /opt/airflow/dags/flight-pipeline.py for tasks to queue
[2026-05-01T13:52:12.901+0000] {logging_mixin.py:188} INFO - [2026-05-01T13:52:12.852+0000] {dagbag.py:545} INFO - Filling up the DagBag from /opt/airflow/dags/flight-pipeline.py
[2026-05-01T13:52:14.554+0000] {processor.py:840} INFO - DAG(s) 'flights_ops_medallion_pipe' retrieved from /opt/airflow/dags/flight-pipeline.py
[2026-05-01T13:52:14.625+0000] {logging_mixin.py:188} INFO - [2026-05-01T13:52:14.624+0000] {dag.py:3089} INFO - Sync 1 DAGs
[2026-05-01T13:52:14.676+0000] {logging_mixin.py:188} INFO - [2026-05-01T13:52:14.676+0000] {dag.py:3947} INFO - Setting next_dagrun for flights_ops_medallion_pipe to 2026-05-01 13:00:00+00:00, run_after=2026-05-01 13:30:00+00:00
[2026-05-01T13:52:14.709+0000] {processor.py:183} INFO - Processing /opt/airflow/dags/flight-pipeline.py took 1.931 seconds
[2026-05-01T14:03:16.843+0000] {processor.py:161} INFO - Started process (PID=8341) to work on /opt/airflow/dags/flight-pipeline.py
[2026-05-01T14:03:16.847+0000] {processor.py:830} INFO - Processing file /opt/airflow/dags/flight-pipeline.py for tasks to queue
[2026-05-01T14:03:16.853+0000] {logging_mixin.py:188} INFO - [2026-05-01T14:03:16.850+0000] {dagbag.py:545} INFO - Filling up the DagBag from /opt/airflow/dags/flight-pipeline.py
[2026-05-01T14:03:18.931+0000] {processor.py:840} INFO - DAG(s) 'flights_ops_medallion_pipe' retrieved from /opt/airflow/dags/flight-pipeline.py
[2026-05-01T14:03:19.107+0000] {logging_mixin.py:188} INFO - [2026-05-01T14:03:19.106+0000] {dag.py:3089} INFO - Sync 1 DAGs
[2026-05-01T14:03:19.228+0000] {logging_mixin.py:188} INFO - [2026-05-01T14:03:19.228+0000] {dag.py:3947} INFO - Setting next_dagrun for flights_ops_medallion_pipe to 2026-05-01 13:30:00+00:00, run_after=2026-05-01 14:00:00+00:00
[2026-05-01T14:03:19.297+0000] {processor.py:183} INFO - Processing /opt/airflow/dags/flight-pipeline.py took 2.502 seconds
[2026-05-01T15:04:24.210+0000] {processor.py:161} INFO - Started process (PID=8378) to work on /opt/airflow/dags/flight-pipeline.py
[2026-05-01T15:04:24.213+0000] {processor.py:830} INFO - Processing file /opt/airflow/dags/flight-pipeline.py for tasks to queue
[2026-05-01T15:04:24.218+0000] {logging_mixin.py:188} INFO - [2026-05-01T15:04:24.215+0000] {dagbag.py:545} INFO - Filling up the DagBag from /opt/airflow/dags/flight-pipeline.py
[2026-05-01T15:04:25.725+0000] {processor.py:840} INFO - DAG(s) 'flights_ops_medallion_pipe' retrieved from /opt/airflow/dags/flight-pipeline.py
[2026-05-01T15:04:25.792+0000] {logging_mixin.py:188} INFO - [2026-05-01T15:04:25.791+0000] {dag.py:3089} INFO - Sync 1 DAGs
[2026-05-01T15:04:25.841+0000] {logging_mixin.py:188} INFO - [2026-05-01T15:04:25.841+0000] {dag.py:3947} INFO - Setting next_dagrun for flights_ops_medallion_pipe to 2026-05-01 14:30:00+00:00, run_after=2026-05-01 15:00:00+00:00
[2026-05-01T15:04:25.875+0000] {processor.py:183} INFO - Processing /opt/airflow/dags/flight-pipeline.py took 1.721 seconds
[2026-05-01T15:05:00.937+0000] {processor.py:161} INFO - Started process (PID=8413) to work on /opt/airflow/dags/flight-pipeline.py
[2026-05-01T15:05:00.941+0000] {processor.py:830} INFO - Processing file /opt/airflow/dags/flight-pipeline.py for tasks to queue
[2026-05-01T15:05:00.949+0000] {logging_mixin.py:188} INFO - [2026-05-01T15:05:00.945+0000] {dagbag.py:545} INFO - Filling up the DagBag from /opt/airflow/dags/flight-pipeline.py
[2026-05-01T15:05:03.197+0000] {processor.py:840} INFO - DAG(s) 'flights_ops_medallion_pipe' retrieved from /opt/airflow/dags/flight-pipeline.py
[2026-05-01T15:05:03.379+0000] {logging_mixin.py:188} INFO - [2026-05-01T15:05:03.378+0000] {dag.py:3089} INFO - Sync 1 DAGs
[2026-05-01T15:05:03.526+0000] {logging_mixin.py:188} INFO - [2026-05-01T15:05:03.525+0000] {dag.py:3947} INFO - Setting next_dagrun for flights_ops_medallion_pipe to 2026-05-01 14:30:00+00:00, run_after=2026-05-01 15:00:00+00:00
[2026-05-01T15:05:03.588+0000] {processor.py:183} INFO - Processing /opt/airflow/dags/flight-pipeline.py took 2.765 seconds
[2026-05-01T15:46:15.805+0000] {processor.py:161} INFO - Started process (PID=8416) to work on /opt/airflow/dags/flight-pipeline.py
[2026-05-01T15:46:15.806+0000] {processor.py:830} INFO - Processing file /opt/airflow/dags/flight-pipeline.py for tasks to queue
[2026-05-01T15:46:15.807+0000] {logging_mixin.py:188} INFO - [2026-05-01T15:46:15.807+0000] {dagbag.py:545} INFO - Filling up the DagBag from /opt/airflow/dags/flight-pipeline.py
[2026-05-01T15:46:16.623+0000] {processor.py:840} INFO - DAG(s) 'flights_ops_medallion_pipe' retrieved from /opt/airflow/dags/flight-pipeline.py
[2026-05-01T15:46:16.661+0000] {logging_mixin.py:188} INFO - [2026-05-01T15:46:16.661+0000] {dag.py:3089} INFO - Sync 1 DAGs
[2026-05-01T15:46:16.736+0000] {logging_mixin.py:188} INFO - [2026-05-01T15:46:16.736+0000] {dag.py:3947} INFO - Setting next_dagrun for flights_ops_medallion_pipe to 2026-05-01 15:00:00+00:00, run_after=2026-05-01 15:30:00+00:00
[2026-05-01T15:46:16.812+0000] {processor.py:183} INFO - Processing /opt/airflow/dags/flight-pipeline.py took 1.015 seconds
[2026-05-01T16:05:50.112+0000] {processor.py:161} INFO - Started process (PID=8419) to work on /opt/airflow/dags/flight-pipeline.py
[2026-05-01T16:05:50.124+0000] {processor.py:830} INFO - Processing file /opt/airflow/dags/flight-pipeline.py for tasks to queue
[2026-05-01T16:05:50.142+0000] {logging_mixin.py:188} INFO - [2026-05-01T16:05:50.134+0000] {dagbag.py:545} INFO - Filling up the DagBag from /opt/airflow/dags/flight-pipeline.py
[2026-05-01T16:05:52.060+0000] {processor.py:840} INFO - DAG(s) 'flights_ops_medallion_pipe' retrieved from /opt/airflow/dags/flight-pipeline.py
[2026-05-01T16:05:52.139+0000] {logging_mixin.py:188} INFO - [2026-05-01T16:05:52.138+0000] {dag.py:3089} INFO - Sync 1 DAGs
[2026-05-01T16:05:52.200+0000] {logging_mixin.py:188} INFO - [2026-05-01T16:05:52.200+0000] {dag.py:3947} INFO - Setting next_dagrun for flights_ops_medallion_pipe to 2026-05-01 15:30:00+00:00, run_after=2026-05-01 16:00:00+00:00
[2026-05-01T16:05:52.232+0000] {processor.py:183} INFO - Processing /opt/airflow/dags/flight-pipeline.py took 2.219 seconds
[2026-05-01T17:06:50.701+0000] {processor.py:161} INFO - Started process (PID=8422) to work on /opt/airflow/dags/flight-pipeline.py
[2026-05-01T17:06:50.705+0000] {processor.py:830} INFO - Processing file /opt/airflow/dags/flight-pipeline.py for tasks to queue
[2026-05-01T17:06:50.709+0000] {logging_mixin.py:188} INFO - [2026-05-01T17:06:50.707+0000] {dagbag.py:545} INFO - Filling up the DagBag from /opt/airflow/dags/flight-pipeline.py
[2026-05-01T17:06:52.237+0000] {processor.py:840} INFO - DAG(s) 'flights_ops_medallion_pipe' retrieved from /opt/airflow/dags/flight-pipeline.py
[2026-05-01T17:06:52.465+0000] {logging_mixin.py:188} INFO - [2026-05-01T17:06:52.463+0000] {dag.py:3089} INFO - Sync 1 DAGs
[2026-05-01T17:06:52.631+0000] {logging_mixin.py:188} INFO - [2026-05-01T17:06:52.630+0000] {dag.py:3947} INFO - Setting next_dagrun for flights_ops_medallion_pipe to 2026-05-01 16:30:00+00:00, run_after=2026-05-01 17:00:00+00:00
[2026-05-01T17:06:52.703+0000] {processor.py:183} INFO - Processing /opt/airflow/dags/flight-pipeline.py took 2.026 seconds
[2026-05-01T18:07:51.472+0000] {processor.py:161} INFO - Started process (PID=8425) to work on /opt/airflow/dags/flight-pipeline.py
[2026-05-01T18:07:51.477+0000] {processor.py:830} INFO - Processing file /opt/airflow/dags/flight-pipeline.py for tasks to queue
[2026-05-01T18:07:51.487+0000] {logging_mixin.py:188} INFO - [2026-05-01T18:07:51.483+0000] {dagbag.py:545} INFO - Filling up the DagBag from /opt/airflow/dags/flight-pipeline.py
[2026-05-01T18:07:52.899+0000] {processor.py:840} INFO - DAG(s) 'flights_ops_medallion_pipe' retrieved from /opt/airflow/dags/flight-pipeline.py
[2026-05-01T18:07:52.978+0000] {logging_mixin.py:188} INFO - [2026-05-01T18:07:52.978+0000] {dag.py:3089} INFO - Sync 1 DAGs
[2026-05-01T18:07:53.037+0000] {logging_mixin.py:188} INFO - [2026-05-01T18:07:53.036+0000] {dag.py:3947} INFO - Setting next_dagrun for flights_ops_medallion_pipe to 2026-05-01 17:30:00+00:00, run_after=2026-05-01 18:00:00+00:00
[2026-05-01T18:07:53.072+0000] {processor.py:183} INFO - Processing /opt/airflow/dags/flight-pipeline.py took 1.642 seconds
[2026-05-01T18:55:30.496+0000] {processor.py:161} INFO - Started process (PID=8428) to work on /opt/airflow/dags/flight-pipeline.py
[2026-05-01T18:55:30.500+0000] {processor.py:830} INFO - Processing file /opt/airflow/dags/flight-pipeline.py for tasks to queue
[2026-05-01T18:55:30.504+0000] {logging_mixin.py:188} INFO - [2026-05-01T18:55:30.502+0000] {dagbag.py:545} INFO - Filling up the DagBag from /opt/airflow/dags/flight-pipeline.py
[2026-05-01T18:55:31.850+0000] {processor.py:840} INFO - DAG(s) 'flights_ops_medallion_pipe' retrieved from /opt/airflow/dags/flight-pipeline.py
[2026-05-01T18:55:31.937+0000] {logging_mixin.py:188} INFO - [2026-05-01T18:55:31.937+0000] {dag.py:3089} INFO - Sync 1 DAGs
[2026-05-01T18:55:31.990+0000] {logging_mixin.py:188} INFO - [2026-05-01T18:55:31.990+0000] {dag.py:3947} INFO - Setting next_dagrun for flights_ops_medallion_pipe to 2026-05-01 18:00:00+00:00, run_after=2026-05-01 18:30:00+00:00
[2026-05-01T18:55:32.024+0000] {processor.py:183} INFO - Processing /opt/airflow/dags/flight-pipeline.py took 1.583 seconds
[2026-05-01T19:08:51.814+0000] {processor.py:161} INFO - Started process (PID=8432) to work on /opt/airflow/dags/flight-pipeline.py
[2026-05-01T19:08:51.818+0000] {processor.py:830} INFO - Processing file /opt/airflow/dags/flight-pipeline.py for tasks to queue
[2026-05-01T19:08:51.825+0000] {logging_mixin.py:188} INFO - [2026-05-01T19:08:51.821+0000] {dagbag.py:545} INFO - Filling up the DagBag from /opt/airflow/dags/flight-pipeline.py
[2026-05-01T19:08:53.639+0000] {processor.py:840} INFO - DAG(s) 'flights_ops_medallion_pipe' retrieved from /opt/airflow/dags/flight-pipeline.py
[2026-05-01T19:08:53.722+0000] {logging_mixin.py:188} INFO - [2026-05-01T19:08:53.721+0000] {dag.py:3089} INFO - Sync 1 DAGs
[2026-05-01T19:08:53.790+0000] {logging_mixin.py:188} INFO - [2026-05-01T19:08:53.790+0000] {dag.py:3947} INFO - Setting next_dagrun for flights_ops_medallion_pipe to 2026-05-01 18:30:00+00:00, run_after=2026-05-01 19:00:00+00:00
[2026-05-01T19:08:53.822+0000] {processor.py:183} INFO - Processing /opt/airflow/dags/flight-pipeline.py took 2.083 seconds
[2026-05-01T19:09:28.505+0000] {processor.py:161} INFO - Started process (PID=8467) to work on /opt/airflow/dags/flight-pipeline.py
[2026-05-01T19:09:28.510+0000] {processor.py:830} INFO - Processing file /opt/airflow/dags/flight-pipeline.py for tasks to queue
[2026-05-01T19:09:28.515+0000] {logging_mixin.py:188} INFO - [2026-05-01T19:09:28.513+0000] {dagbag.py:545} INFO - Filling up the DagBag from /opt/airflow/dags/flight-pipeline.py
[2026-05-01T19:09:30.197+0000] {processor.py:840} INFO - DAG(s) 'flights_ops_medallion_pipe' retrieved from /opt/airflow/dags/flight-pipeline.py
[2026-05-01T19:09:30.271+0000] {logging_mixin.py:188} INFO - [2026-05-01T19:09:30.270+0000] {dag.py:3089} INFO - Sync 1 DAGs
[2026-05-01T19:09:30.340+0000] {logging_mixin.py:188} INFO - [2026-05-01T19:09:30.339+0000] {dag.py:3947} INFO - Setting next_dagrun for flights_ops_medallion_pipe to 2026-05-01 18:30:00+00:00, run_after=2026-05-01 19:00:00+00:00
[2026-05-01T19:09:30.382+0000] {processor.py:183} INFO - Processing /opt/airflow/dags/flight-pipeline.py took 1.962 seconds
[2026-05-01T20:10:20.847+0000] {processor.py:161} INFO - Started process (PID=8470) to work on /opt/airflow/dags/flight-pipeline.py
[2026-05-01T20:10:20.849+0000] {processor.py:830} INFO - Processing file /opt/airflow/dags/flight-pipeline.py for tasks to queue
[2026-05-01T20:10:20.863+0000] {logging_mixin.py:188} INFO - [2026-05-01T20:10:20.856+0000] {dagbag.py:545} INFO - Filling up the DagBag from /opt/airflow/dags/flight-pipeline.py
[2026-05-01T20:10:21.830+0000] {processor.py:840} INFO - DAG(s) 'flights_ops_medallion_pipe' retrieved from /opt/airflow/dags/flight-pipeline.py
[2026-05-01T20:10:21.904+0000] {logging_mixin.py:188} INFO - [2026-05-01T20:10:21.904+0000] {dag.py:3089} INFO - Sync 1 DAGs
[2026-05-01T20:10:22.003+0000] {logging_mixin.py:188} INFO - [2026-05-01T20:10:22.003+0000] {dag.py:3947} INFO - Setting next_dagrun for flights_ops_medallion_pipe to 2026-05-01 19:30:00+00:00, run_after=2026-05-01 20:00:00+00:00
[2026-05-01T20:10:22.074+0000] {processor.py:183} INFO - Processing /opt/airflow/dags/flight-pipeline.py took 1.236 seconds
[2026-05-01T21:11:17.173+0000] {processor.py:161} INFO - Started process (PID=8473) to work on /opt/airflow/dags/flight-pipeline.py
[2026-05-01T21:11:17.178+0000] {processor.py:830} INFO - Processing file /opt/airflow/dags/flight-pipeline.py for tasks to queue
[2026-05-01T21:11:17.181+0000] {logging_mixin.py:188} INFO - [2026-05-01T21:11:17.179+0000] {dagbag.py:545} INFO - Filling up the DagBag from /opt/airflow/dags/flight-pipeline.py
[2026-05-01T21:11:18.320+0000] {processor.py:840} INFO - DAG(s) 'flights_ops_medallion_pipe' retrieved from /opt/airflow/dags/flight-pipeline.py
[2026-05-01T21:11:18.394+0000] {logging_mixin.py:188} INFO - [2026-05-01T21:11:18.393+0000] {dag.py:3089} INFO - Sync 1 DAGs
[2026-05-01T21:11:18.481+0000] {logging_mixin.py:188} INFO - [2026-05-01T21:11:18.481+0000] {dag.py:3947} INFO - Setting next_dagrun for flights_ops_medallion_pipe to 2026-05-01 20:30:00+00:00, run_after=2026-05-01 21:00:00+00:00
[2026-05-01T21:11:18.522+0000] {processor.py:183} INFO - Processing /opt/airflow/dags/flight-pipeline.py took 1.377 seconds
[2026-05-01T22:05:27.247+0000] {processor.py:161} INFO - Started process (PID=8476) to work on /opt/airflow/dags/flight-pipeline.py
[2026-05-01T22:05:27.251+0000] {processor.py:830} INFO - Processing file /opt/airflow/dags/flight-pipeline.py for tasks to queue
[2026-05-01T22:05:27.254+0000] {logging_mixin.py:188} INFO - [2026-05-01T22:05:27.253+0000] {dagbag.py:545} INFO - Filling up the DagBag from /opt/airflow/dags/flight-pipeline.py
[2026-05-01T22:05:28.545+0000] {processor.py:840} INFO - DAG(s) 'flights_ops_medallion_pipe' retrieved from /opt/airflow/dags/flight-pipeline.py
[2026-05-01T22:05:28.643+0000] {logging_mixin.py:188} INFO - [2026-05-01T22:05:28.642+0000] {dag.py:3089} INFO - Sync 1 DAGs
[2026-05-01T22:05:28.746+0000] {logging_mixin.py:188} INFO - [2026-05-01T22:05:28.745+0000] {dag.py:3947} INFO - Setting next_dagrun for flights_ops_medallion_pipe to 2026-05-01 21:30:00+00:00, run_after=2026-05-01 22:00:00+00:00
[2026-05-01T22:05:28.835+0000] {processor.py:183} INFO - Processing /opt/airflow/dags/flight-pipeline.py took 1.625 seconds
[2026-05-01T22:12:13.099+0000] {processor.py:161} INFO - Started process (PID=8479) to work on /opt/airflow/dags/flight-pipeline.py
[2026-05-01T22:12:13.112+0000] {processor.py:830} INFO - Processing file /opt/airflow/dags/flight-pipeline.py for tasks to queue
[2026-05-01T22:12:13.127+0000] {logging_mixin.py:188} INFO - [2026-05-01T22:12:13.119+0000] {dagbag.py:545} INFO - Filling up the DagBag from /opt/airflow/dags/flight-pipeline.py
[2026-05-01T22:12:14.562+0000] {processor.py:840} INFO - DAG(s) 'flights_ops_medallion_pipe' retrieved from /opt/airflow/dags/flight-pipeline.py
[2026-05-01T22:12:14.636+0000] {logging_mixin.py:188} INFO - [2026-05-01T22:12:14.635+0000] {dag.py:3089} INFO - Sync 1 DAGs
[2026-05-01T22:12:14.730+0000] {logging_mixin.py:188} INFO - [2026-05-01T22:12:14.730+0000] {dag.py:3947} INFO - Setting next_dagrun for flights_ops_medallion_pipe to 2026-05-01 21:30:00+00:00, run_after=2026-05-01 22:00:00+00:00
[2026-05-01T22:12:14.812+0000] {processor.py:183} INFO - Processing /opt/airflow/dags/flight-pipeline.py took 1.750 seconds
[2026-05-01T23:13:18.887+0000] {processor.py:161} INFO - Started process (PID=8482) to work on /opt/airflow/dags/flight-pipeline.py
[2026-05-01T23:13:18.897+0000] {processor.py:830} INFO - Processing file /opt/airflow/dags/flight-pipeline.py for tasks to queue
[2026-05-01T23:13:18.902+0000] {logging_mixin.py:188} INFO - [2026-05-01T23:13:18.899+0000] {dagbag.py:545} INFO - Filling up the DagBag from /opt/airflow/dags/flight-pipeline.py
[2026-05-01T23:13:20.637+0000] {processor.py:840} INFO - DAG(s) 'flights_ops_medallion_pipe' retrieved from /opt/airflow/dags/flight-pipeline.py
[2026-05-01T23:13:20.702+0000] {logging_mixin.py:188} INFO - [2026-05-01T23:13:20.701+0000] {dag.py:3089} INFO - Sync 1 DAGs
[2026-05-01T23:13:20.751+0000] {logging_mixin.py:188} INFO - [2026-05-01T23:13:20.751+0000] {dag.py:3947} INFO - Setting next_dagrun for flights_ops_medallion_pipe to 2026-05-01 22:30:00+00:00, run_after=2026-05-01 23:00:00+00:00
[2026-05-01T23:13:20.784+0000] {processor.py:183} INFO - Processing /opt/airflow/dags/flight-pipeline.py took 2.002 seconds
[2026-05-01T23:13:56.183+0000] {processor.py:161} INFO - Started process (PID=8494) to work on /opt/airflow/dags/flight-pipeline.py
[2026-05-01T23:13:56.192+0000] {processor.py:830} INFO - Processing file /opt/airflow/dags/flight-pipeline.py for tasks to queue
[2026-05-01T23:13:56.199+0000] {logging_mixin.py:188} INFO - [2026-05-01T23:13:56.195+0000] {dagbag.py:545} INFO - Filling up the DagBag from /opt/airflow/dags/flight-pipeline.py
[2026-05-01T23:13:57.969+0000] {processor.py:840} INFO - DAG(s) 'flights_ops_medallion_pipe' retrieved from /opt/airflow/dags/flight-pipeline.py
[2026-05-01T23:13:58.047+0000] {logging_mixin.py:188} INFO - [2026-05-01T23:13:58.047+0000] {dag.py:3089} INFO - Sync 1 DAGs
[2026-05-01T23:13:58.102+0000] {logging_mixin.py:188} INFO - [2026-05-01T23:13:58.102+0000] {dag.py:3947} INFO - Setting next_dagrun for flights_ops_medallion_pipe to 2026-05-01 23:00:00+00:00, run_after=2026-05-01 23:30:00+00:00
[2026-05-01T23:13:58.138+0000] {processor.py:183} INFO - Processing /opt/airflow/dags/flight-pipeline.py took 2.054 seconds
[2026-05-01T23:55:16.781+0000] {processor.py:161} INFO - Started process (PID=8521) to work on /opt/airflow/dags/flight-pipeline.py
[2026-05-01T23:55:16.782+0000] {processor.py:830} INFO - Processing file /opt/airflow/dags/flight-pipeline.py for tasks to queue
[2026-05-01T23:55:16.783+0000] {logging_mixin.py:188} INFO - [2026-05-01T23:55:16.783+0000] {dagbag.py:545} INFO - Filling up the DagBag from /opt/airflow/dags/flight-pipeline.py
[2026-05-01T23:55:17.466+0000] {processor.py:840} INFO - DAG(s) 'flights_ops_medallion_pipe' retrieved from /opt/airflow/dags/flight-pipeline.py
[2026-05-01T23:55:17.523+0000] {logging_mixin.py:188} INFO - [2026-05-01T23:55:17.522+0000] {dag.py:3089} INFO - Sync 1 DAGs
[2026-05-01T23:55:17.592+0000] {logging_mixin.py:188} INFO - [2026-05-01T23:55:17.592+0000] {dag.py:3947} INFO - Setting next_dagrun for flights_ops_medallion_pipe to 2026-05-01 23:00:00+00:00, run_after=2026-05-01 23:30:00+00:00
[2026-05-01T23:55:17.624+0000] {processor.py:183} INFO - Processing /opt/airflow/dags/flight-pipeline.py took 0.849 seconds
