[2026-05-02T22:34:16.932+0000] {local_task_job_runner.py:120} INFO - ::group::Pre task execution logs
[2026-05-02T22:34:17.022+0000] {taskinstance.py:2076} INFO - Dependencies all met for dep_context=non-requeueable deps ti=<TaskInstance: flights_ops_medallion_pipe.snowflake_load scheduled__2026-05-02T22:00:00+00:00 [queued]>
[2026-05-02T22:34:17.044+0000] {taskinstance.py:2076} INFO - Dependencies all met for dep_context=requeueable deps ti=<TaskInstance: flights_ops_medallion_pipe.snowflake_load scheduled__2026-05-02T22:00:00+00:00 [queued]>
[2026-05-02T22:34:17.046+0000] {taskinstance.py:2306} INFO - Starting attempt 1 of 1
[2026-05-02T22:34:17.081+0000] {taskinstance.py:2330} INFO - Executing <Task(PythonOperator): snowflake_load> on 2026-05-02 22:00:00+00:00
[2026-05-02T22:34:17.103+0000] {standard_task_runner.py:90} INFO - Running: ['airflow', 'tasks', 'run', 'flights_ops_medallion_pipe', 'snowflake_load', 'scheduled__2026-05-02T22:00:00+00:00', '--job-id', '355', '--raw', '--subdir', 'DAGS_FOLDER/flight-pipeline.py', '--cfg-path', '/tmp/tmpr9pte_uy']
[2026-05-02T22:34:17.114+0000] {logging_mixin.py:188} WARNING - /home/airflow/.local/lib/python3.12/site-packages/airflow/task/task_runner/standard_task_runner.py:62 DeprecationWarning: This process (pid=12385) is multi-threaded, use of fork() may lead to deadlocks in the child.
[2026-05-02T22:34:17.139+0000] {standard_task_runner.py:91} INFO - Job 355: Subtask snowflake_load
[2026-05-02T22:34:17.140+0000] {standard_task_runner.py:64} INFO - Started process 12395 to run task
[2026-05-02T22:34:17.322+0000] {task_command.py:426} INFO - Running <TaskInstance: flights_ops_medallion_pipe.snowflake_load scheduled__2026-05-02T22:00:00+00:00 [running]> on host b5a862a7c6f4
[2026-05-02T22:34:17.610+0000] {taskinstance.py:2648} INFO - Exporting env vars: AIRFLOW_CTX_DAG_OWNER='airflow' AIRFLOW_CTX_DAG_ID='flights_ops_medallion_pipe' AIRFLOW_CTX_TASK_ID='snowflake_load' AIRFLOW_CTX_EXECUTION_DATE='2026-05-02T22:00:00+00:00' AIRFLOW_CTX_TRY_NUMBER='1' AIRFLOW_CTX_DAG_RUN_ID='scheduled__2026-05-02T22:00:00+00:00'
[2026-05-02T22:34:17.613+0000] {taskinstance.py:430} INFO - ::endgroup::
[2026-05-02T22:34:17.750+0000] {base.py:84} INFO - Using connection ID 'flight_snowflake' for task execution.
[2026-05-02T22:34:17.754+0000] {connection.py:408} INFO - Snowflake Connector for Python Version: 3.11.0, Python Version: 3.12.4, Platform: Linux-6.12.76-linuxkit-x86_64-with-glibc2.36
[2026-05-02T22:34:17.757+0000] {connection.py:1258} INFO - This connection is in OCSP Fail Open Mode. TLS Certificates would be checked for validity and revocation status. Any other Certificate Revocation related exceptions or OCSP Responder failures would be disregarded in favor of connectivity.
[2026-05-02T22:35:30.504+0000] {connection.py:773} INFO - closed
[2026-05-02T22:35:30.908+0000] {connection.py:779} INFO - No async queries seem to be running, deleting session
[2026-05-02T22:35:30.992+0000] {python.py:237} INFO - Done. Returned value was: None
[2026-05-02T22:35:30.994+0000] {taskinstance.py:441} INFO - ::group::Post task execution logs
[2026-05-02T22:35:31.038+0000] {taskinstance.py:1206} INFO - Marking task as SUCCESS. dag_id=flights_ops_medallion_pipe, task_id=snowflake_load, run_id=scheduled__2026-05-02T22:00:00+00:00, execution_date=20260502T220000, start_date=20260502T223417, end_date=20260502T223531
[2026-05-02T22:35:31.099+0000] {local_task_job_runner.py:243} INFO - Task exited with return code 0
[2026-05-02T22:35:31.140+0000] {taskinstance.py:3503} INFO - 0 downstream tasks scheduled from follow-on schedule check
[2026-05-02T22:35:31.141+0000] {local_task_job_runner.py:222} INFO - ::endgroup::
